gen bottom80_income = (quintile_i <= 4)

. perserve
command perserve is unrecognized
r(199);

. preserve

. collapse (p10) DIR10=DIR (p90) DIR90=DIR, by(bottom80_income)

. 
. list

     +------------------------------+
     | bottom~e   DIR10       DIR90 |
     |------------------------------|
  1. |        0       0   2.4257945 |
  2. |        1       0   3.4995217 |
     +------------------------------+

. restore

. preserve

. drop if total_debt ==0
(16,064 observations deleted)

. xtile quintile_i_indebted = total_income, nq(5)

. collapse (sum) total_debt total_income, by(quintile_i)

. gen DIR = total_debt/total_income

. list in 1/5, clean noobs

    quinti~i   total_~t   total_~e         DIR  
           1   1.31e+08   1.20e+07   10.894438  
           2   1.62e+08   4.79e+07   3.3862816  
           3   2.30e+08   9.96e+07   2.3108673  
           4   3.33e+08   1.77e+08    1.875306  
           5   1.08e+09   7.74e+08   1.3910797  

. restore

. preserve

. drop if total_debt ==0
(16,064 observations deleted)

. xtile quintile_i_indebted = total_income, nq(5)

. collapse (p10) DIR10=DIR (p90) DIR90=DIR, by(quintile_i_indebted
> )

. list

     +----------------------------------+
     | quinti~d       DIR10       DIR90 |
     |----------------------------------|
  1. |        1   .21570319   54.357412 |
  2. |        2    .0999825    7.360286 |
  3. |        3   .09491525   5.0475595 |
  4. |        4   .06606627   3.9039451 |
  5. |        5   .06004563   3.5618494 |
     +----------------------------------+


. restore

. preserve

. drop if total_debt ==0
(16,064 observations deleted)

. xtile quintile_i_indebted = total_income, nq(5)

. gen bottom80_income = (quintile_i_indebted <= 4)
variable bottom80_income already defined
r(110);

. gen bottom80_income_indebted = (quintile_i_indebted <= 4)

. collapse (p10) DIR10=DIR (p90) DIR90=DIR, by(bottom80_income_ind
> ebted)

. list

     +----------------------------------+
     | bottom~d       DIR10       DIR90 |
     |----------------------------------|
  1. |        0   .06004563   3.5618494 |
  2. |        1   .10026222   10.791977 |
     +----------------------------------+

. restore

. preserve


 sum DIR

    Variable |        Obs        Mean    Std. Dev.       Min      
>   Max
-------------+----------------------------------------------------
> -----
         DIR |     26,512    75.86938    6191.787          0   898
> 751.7

. preserve

. collapse (p10) DIR10=DIR (p90) DIR90=DIR, by(quintile_i)

. list quintile_i DAR10 DAR90 DIR10 DIR90, noobs
variable DAR10 not found
r(111);

. list quintile_i DIR10 DIR90, noobs

  +------------------------------+
  | quinti~i   DIR10       DIR90 |
  |------------------------------|
  |        1       0   13.368984 |
  |        2       0    3.082519 |
  |        3       0   2.2647321 |
  |        4       0   2.0177507 |
  |        5       0   2.4257945 |
  +------------------------------+

. restore

. gen bottom80_asset = (quintile <= 4)

. collapse (p10) DAR10=DAR (p90) DAR90=DAR, by(bottom80_asset)

. 
. list

     +------------------------------+
     | bottom~t   DAR10       DAR90 |
     |------------------------------|
  1. |        0       0   .22010356 |
  2. |        1       0   .37490577 |
     +------------------------------+

. restore

. preserve

. drop if total_debt == 0
(16,064 observations deleted)

. collapse (sum) total_debt total_asset, by(quintile)

. gen DAR_indebted = total_debt/total_asset

. list in 1/5, clean noobs

    quintile   total~bt   total~et   DAR_ind~d  
           1   7.39e+07   7.29e+07   1.0140509  
           2   1.12e+08   3.39e+08   .33156926  
           3   1.77e+08   7.86e+08    .2247932  
           4   3.59e+08   2.01e+09    .1784697  
           5   1.21e+09   9.58e+09   .12634918  

. restore

. preserve

 collapse (sum) total_debt total_asset, by(quintile)

. gen DAR = total_debt/total_asset

. list in 1/5, clean noobs

    quintile   total~bt   total~et         DAR  
           1   7.39e+07   2.23e+08   .33121151  
           2   1.12e+08   9.13e+08   .12318025  
           3   1.77e+08   2.11e+09   .08379113  
           4   3.59e+08   4.63e+09   .07748027  
           5   1.21e+09   2.19e+10   .05519945  

